src/screens/Settings.tsx(9,29): error TS2307: Cannot find module 'expo-file-system' or its corresponding type declarations.
